[2022-1106-1323]loopskip :[#]
[2022-1106-1323]loopskip :[#---------------------------------------------------------------------]
[2022-1106-1323]loopskip :[#----- 2022-1105-2252 ----------------------]
[2022-1106-1323]loopskip :[#]
[2022-1106-1323]loopskip :[#----- 2022-1105-2252 ----------------------]
[2022-1106-1323]loopskip :[#---------------------------------------------------------------------]
[2022-1106-1325]loopskip :[#]
[2022-1106-1325]loopskip :[#---------------------------------------------------------------------]
[2022-1106-1325]loopskip :[#----- 2022-1105-2252 ----------------------]
[2022-1106-1325]loopskip :[#]
[2022-1106-1325]loopskip :[#----- 2022-1105-2252 ----------------------]
[2022-1106-1325]loopskip :[#---------------------------------------------------------------------]
