[2022-1105-1807]loopstart:[# comment]
[2022-1105-1807][#1]loopdo:[# comment]
[2022-1105-1807]loopend:[# comment]
[2022-1105-1807]loopstart:[https://something.com]
[2022-1105-1807][#2]loopdo:[https://something.com]
[2022-1105-1807]loopend:[https://something.com]
[2022-1105-1807]loopstart:[/var/tmp/dir]
[2022-1105-1807][#3]loopdo:[/var/tmp/dir]
[2022-1105-1807]loopend:[/var/tmp/dir]
[2022-1105-1807]loopstart:[/var/tmp/dir/asset.txt]
[2022-1105-1807][#4]loopdo:[/var/tmp/dir/asset.txt]
[2022-1105-1807]loopend:[/var/tmp/dir/asset.txt]
[2022-1105-1807]loopstart:[]
[2022-1105-1807][#5]loopdo:[]
[2022-1105-1807]loopend:[]
[2022-1105-1807]loopstart:[]
[2022-1105-1807][#6]loopdo:[]
[2022-1105-1807]loopend:[]
[2022-1105-1807]loopstart:[# comment]
[2022-1105-1807][#7]loopdo:[# comment]
[2022-1105-1807]loopend:[# comment]
[2022-1105-1807]loopstart:[/var/tmp/dir/asset.txt]
[2022-1105-1807][#8]loopdo:[/var/tmp/dir/asset.txt]
[2022-1105-1807]loopend:[/var/tmp/dir/asset.txt]
[2022-1105-1807]loopstart:[]
[2022-1105-1807][#9]loopdo:[]
[2022-1105-1807]loopend:[]
[2022-1105-1807]loopstart:[https://something.com]
[2022-1105-1807][#10]loopdo:[https://something.com]
[2022-1105-1807]loopend:[https://something.com]
[2022-1105-1807]loopstart:[# comment]
[2022-1105-1807][#11]loopdo:[# comment]
[2022-1105-1807]loopend:[# comment]
[2022-1105-1807]loopstart:[https://something.com]
[2022-1105-1807][#12]loopdo:[https://something.com]
[2022-1105-1807]loopend:[https://something.com]
[2022-1105-1807]loopstart:[# comment]
[2022-1105-1807][#13]loopdo:[# comment]
[2022-1105-1807]loopend:[# comment]
[2022-1105-1807]loopstart:[# comment]
[2022-1105-1807][#14]loopdo:[# comment]
[2022-1105-1807]loopend:[# comment]
